Java HotSpot(TM) 64-Bit Server VM (25.201-b09) for windows-amd64 JRE (1.8.0_201-b09), built on Dec 15 2018 18:36:39 by "java_re" with MS VC++ 10.0 (VS2010)
Memory: 4k page, physical 33187540k(17969552k free), swap 40265428k(22697368k free)
CommandLine flags: -XX:InitialHeapSize=62914560 -XX:MaxHeapSize=62914560 -XX:+PrintGC -XX:+PrintGCDetails -XX:+PrintGCTimeStamps -XX:SurvivorRatio=8 -XX:+UseCompressedClassPointers -XX:+UseCompressedOops -XX:-UseLargePagesIndividualAllocation -XX:+UseParallelGC 
8.435: [GC (Allocation Failure) [PSYoungGen: 16297K->2020K(18432K)] 16297K->14378K(59392K), 0.0034971 secs] [Times: user=0.00 sys=0.00, real=0.00 secs] 
18.657: [GC (Allocation Failure) [PSYoungGen: 18345K->2004K(18432K)] 30703K->30672K(59392K), 0.0055722 secs] [Times: user=0.05 sys=0.06, real=0.01 secs] 
18.662: [Full GC (Ergonomics) [PSYoungGen: 2004K->0K(18432K)] [ParOldGen: 28668K->30558K(40960K)] 30672K->30558K(59392K), [Metaspace: 3724K->3724K(1056768K)], 0.0091064 secs] [Times: user=0.00 sys=0.00, real=0.01 secs] 
28.672: [Full GC (Ergonomics) [PSYoungGen: 16344K->6100K(18432K)] [ParOldGen: 30558K->40460K(40960K)] 46902K->46561K(59392K), [Metaspace: 3725K->3725K(1056768K)], 0.0041195 secs] [Times: user=0.00 sys=0.00, real=0.00 secs] 
Heap
 PSYoungGen      total 18432K, used 10679K [0x00000000fec00000, 0x0000000100000000, 0x0000000100000000)
  eden space 16384K, 65% used [0x00000000fec00000,0x00000000ff66dd68,0x00000000ffc00000)
  from space 2048K, 0% used [0x00000000ffe00000,0x00000000ffe00000,0x0000000100000000)
  to   space 2048K, 0% used [0x00000000ffc00000,0x00000000ffc00000,0x00000000ffe00000)
 ParOldGen       total 40960K, used 40460K [0x00000000fc400000, 0x00000000fec00000, 0x00000000fec00000)
  object space 40960K, 98% used [0x00000000fc400000,0x00000000feb831f0,0x00000000fec00000)
 Metaspace       used 3731K, capacity 4604K, committed 4864K, reserved 1056768K
  class space    used 410K, capacity 428K, committed 512K, reserved 1048576K
